// Jest Snapshot v1, https://goo.gl/fbAQLP

exports[`DropdownFilter  renders learn react link 1`] = `
<div
  className="dropdown"
>
  <a
    className="dropbtn"
    data-testid="activity"
    href="#"
  >
    Activities
  </a>
  <div
    className="dropdown-content"
    data-testid="drpdwn-content"
  >
    <div
      className="checkboxContainer"
    >
      <label
        className="container"
        data-testid="All"
      >
        All
        <input
          checked={false}
          data-testid="all"
          onChange={[Function]}
          type="checkbox"
          value="all"
        />
        <span
          className="checkmark"
        />
      </label>
    </div>
    <div
      className="checkboxContainer"
    >
      <label
        className="container"
        data-testid="Title"
      >
        Title
        <input
          checked={true}
          data-testid="title"
          onChange={[Function]}
          type="checkbox"
          value="title"
        />
        <span
          className="checkmark"
        />
      </label>
    </div>
    <div
      className="checkboxContainer"
    >
      <label
        className="container"
        data-testid="Description"
      >
        Description
        <input
          checked={false}
          data-testid="desc"
          onChange={[Function]}
          type="checkbox"
          value="desc"
        />
        <span
          className="checkmark"
        />
      </label>
    </div>
    <div
      className="checkboxContainer"
    >
      <label
        className="container"
        data-testid="Keywords"
      >
        Keywords
        <input
          checked={false}
          data-testid="keywrds"
          onChange={[Function]}
          type="checkbox"
          value="keywrds"
        />
        <span
          className="checkmark"
        />
      </label>
    </div>
  </div>
</div>
`;
