// Jest Snapshot v1, https://goo.gl/fbAQLP

exports[`Navbar   renders learn react link 1`] = `
<div
  className="main"
>
  <div
    className="dropdown"
  >
    <a
      className="dropbtn"
      data-testid="activity"
      href="#"
    >
      Activities
    </a>
    <div
      className="dropdown-content"
      data-testid="drpdwn-content"
    >
      <div
        className="checkboxContainer"
      >
        <label
          className="container"
          data-testid="All"
        >
          All
          <input
            checked={false}
            data-testid="all"
            onChange={[Function]}
            type="checkbox"
            value="all"
          />
          <span
            className="checkmark"
          />
        </label>
      </div>
    </div>
  </div>
  <div
    className="search"
  >
    <form>
      <input
        data-testid="input-search"
        name="search"
        onChange={[Function]}
        placeholder="Search"
        type="text"
        value=""
      />
    </form>
  </div>
</div>
`;
